// Vitest Snapshot v1

exports[`App tests > Renders without crash 1`] = `
<div
  className="flex justify-center items-center flex-col"
>
  <img
    className="max-w-full mb-5"
    src="/src/assets/logo.png"
  />
  <div
    className="flex justify-between"
  >
    <button
      className="btn btn-primary flex-1"
    >
      Link Youtube Music Account
    </button>
    <button
      className="btn btn-secondary flex-1 ml-5"
    >
      Link Spotify Account
    </button>
  </div>
</div>
`;

exports[`Renders without crash 1`] = `
<div
  className="flex justify-center items-center flex-col"
>
  <img
    className="max-w-full mb-5"
    src="/src/assets/logo.png"
  />
  <div
    className="flex justify-between"
  >
    <button
      className="btn btn-primary flex-1"
    >
      Link Youtube Music Account
    </button>
    <button
      className="btn btn-secondary flex-1 ml-5"
    >
      Link Spotify Account
    </button>
  </div>
</div>
`;
