// Vitest Snapshot v1

exports[`<ChoosePlaylist /> tests > Render the component wihout crash 1`] = `
<ul
  className="p-0 flex flex-col mt-24 overflow-y-auto"
>
  <button
    className="grid grid-cols-12 mb-5 border-2 border-gray-300 rounded"
    onClick={[Function]}
  >
    <img
      className="col-span-4"
      src="https://dummy.image"
    />
    <div
      className="col-start-6 col-span-7 text-left w-full h-full flex flex-col items-start justify-center"
    >
      <p
        className="font-bold"
      >
        test
      </p>
      <p
        className="text-sm"
      >
        By name
      </p>
    </div>
  </button>
</ul>
`;
