// Vitest Snapshot v1

exports[`NextPage tests > Renders without crash 1`] = `null`;
